  ▲ Next.js 14.2.15

   Creating an optimized production build ...
 ✓ Compiled successfully
   Linting and checking validity of types ...

./src/app/works/[slug]/page.tsx
54:21  Warning: Using `<img>` could result in slower LCP and higher bandwidth. Consider using `<Image />` from `next/image` to automatically optimize images. This may incur additional usage or cost from your provider. See: https://nextjs.org/docs/messages/no-img-element  @next/next/no-img-element

./src/components/Hero.tsx
86:25  Warning: Using `<img>` could result in slower LCP and higher bandwidth. Consider using `<Image />` from `next/image` to automatically optimize images. This may incur additional usage or cost from your provider. See: https://nextjs.org/docs/messages/no-img-element  @next/next/no-img-element

./src/components/HorizontalScroll.tsx
82:33  Warning: Using `<img>` could result in slower LCP and higher bandwidth. Consider using `<Image />` from `next/image` to automatically optimize images. This may incur additional usage or cost from your provider. See: https://nextjs.org/docs/messages/no-img-element  @next/next/no-img-element

./src/components/Neurobloom.tsx
55:25  Warning: Using `<img>` could result in slower LCP and higher bandwidth. Consider using `<Image />` from `next/image` to automatically optimize images. This may incur additional usage or cost from your provider. See: https://nextjs.org/docs/messages/no-img-element  @next/next/no-img-element

info  - Need to disable some ESLint rules? Learn more here: https://nextjs.org/docs/basic-features/eslint#disabling-rules
   Collecting page data ...
   Generating static pages (0/14) ...
Error: Event handlers cannot be passed to Client Component props.
  {src: ..., alt: "DevNeko", className: ..., onError: function onError}
                                                      ^^^^^^^^^^^^^^^^
If you need interactivity, consider converting part of this to a Client Component.
    at ek (C:\Users\LENOVO\Downloads\Portfolio\node_modules\next\dist\compiled\next-server\app-page.runtime.prod.js:12:140437)
    at Object.toJSON (C:\Users\LENOVO\Downloads\Portfolio\node_modules\next\dist\compiled\next-server\app-page.runtime.prod.js:12:135626)
    at stringify (<anonymous>)
    at eP (C:\Users\LENOVO\Downloads\Portfolio\node_modules\next\dist\compiled\next-server\app-page.runtime.prod.js:12:142090)
    at eE (C:\Users\LENOVO\Downloads\Portfolio\node_modules\next\dist\compiled\next-server\app-page.runtime.prod.js:12:142569)
    at AsyncLocalStorage.run (node:internal/async_local_storage/async_hooks:91:14)
    at Timeout._onTimeout (C:\Users\LENOVO\Downloads\Portfolio\node_modules\next\dist\compiled\next-server\app-page.runtime.prod.js:12:150268)
    at listOnTimeout (node:internal/timers:588:17)
    at process.processTimers (node:internal/timers:523:7) {
  digest: '2052484023'
}
Error: Event handlers cannot be passed to Client Component props.
  {src: ..., alt: "DevNeko", className: ..., onError: function onError}
                                                      ^^^^^^^^^^^^^^^^
If you need interactivity, consider converting part of this to a Client Component.
    at ek (C:\Users\LENOVO\Downloads\Portfolio\node_modules\next\dist\compiled\next-server\app-page.runtime.prod.js:12:140437)
    at Object.toJSON (C:\Users\LENOVO\Downloads\Portfolio\node_modules\next\dist\compiled\next-server\app-page.runtime.prod.js:12:135626)
    at stringify (<anonymous>)
    at eP (C:\Users\LENOVO\Downloads\Portfolio\node_modules\next\dist\compiled\next-server\app-page.runtime.prod.js:12:142090)
    at eE (C:\Users\LENOVO\Downloads\Portfolio\node_modules\next\dist\compiled\next-server\app-page.runtime.prod.js:12:142569)
    at Timeout._onTimeout (C:\Users\LENOVO\Downloads\Portfolio\node_modules\next\dist\compiled\next-server\app-page.runtime.prod.js:12:135346)
    at listOnTimeout (node:internal/timers:588:17)
    at process.processTimers (node:internal/timers:523:7) {
  digest: '755076409'
}
Error: Event handlers cannot be passed to Client Component props.
  {src: ..., alt: "DevNeko", className: ..., onError: function onError}
                                                      ^^^^^^^^^^^^^^^^
If you need interactivity, consider converting part of this to a Client Component.
    at ek (C:\Users\LENOVO\Downloads\Portfolio\node_modules\next\dist\compiled\next-server\app-page.runtime.prod.js:12:140437)
    at Object.toJSON (C:\Users\LENOVO\Downloads\Portfolio\node_modules\next\dist\compiled\next-server\app-page.runtime.prod.js:12:135626)
    at stringify (<anonymous>)
    at eP (C:\Users\LENOVO\Downloads\Portfolio\node_modules\next\dist\compiled\next-server\app-page.runtime.prod.js:12:142090)
    at eE (C:\Users\LENOVO\Downloads\Portfolio\node_modules\next\dist\compiled\next-server\app-page.runtime.prod.js:12:142569)
    at Timeout._onTimeout (C:\Users\LENOVO\Downloads\Portfolio\node_modules\next\dist\compiled\next-server\app-page.runtime.prod.js:12:135346)
    at listOnTimeout (node:internal/timers:588:17)
    at process.processTimers (node:internal/timers:523:7) {
  digest: '755076409'
}
Error: Event handlers cannot be passed to Client Component props.
  {src: ..., alt: ..., className: ..., onError: function onError}
                                                ^^^^^^^^^^^^^^^^
If you need interactivity, consider converting part of this to a Client Component.
    at ek (C:\Users\LENOVO\Downloads\Portfolio\node_modules\next\dist\compiled\next-server\app-page.runtime.prod.js:12:140437)
    at Object.toJSON (C:\Users\LENOVO\Downloads\Portfolio\node_modules\next\dist\compiled\next-server\app-page.runtime.prod.js:12:135626)
    at stringify (<anonymous>)
    at eP (C:\Users\LENOVO\Downloads\Portfolio\node_modules\next\dist\compiled\next-server\app-page.runtime.prod.js:12:142090)
    at eE (C:\Users\LENOVO\Downloads\Portfolio\node_modules\next\dist\compiled\next-server\app-page.runtime.prod.js:12:142569)
    at AsyncLocalStorage.run (node:internal/async_local_storage/async_hooks:91:14)
    at Timeout._onTimeout (C:\Users\LENOVO\Downloads\Portfolio\node_modules\next\dist\compiled\next-server\app-page.runtime.prod.js:12:150268)
    at listOnTimeout (node:internal/timers:588:17)
    at process.processTimers (node:internal/timers:523:7) {
  digest: '3256436151'
}
Error: Event handlers cannot be passed to Client Component props.
  {src: ..., alt: ..., className: ..., onError: function onError}
                                                ^^^^^^^^^^^^^^^^
If you need interactivity, consider converting part of this to a Client Component.
    at ek (C:\Users\LENOVO\Downloads\Portfolio\node_modules\next\dist\compiled\next-server\app-page.runtime.prod.js:12:140437)
    at Object.toJSON (C:\Users\LENOVO\Downloads\Portfolio\node_modules\next\dist\compiled\next-server\app-page.runtime.prod.js:12:135626)
    at stringify (<anonymous>)
    at eP (C:\Users\LENOVO\Downloads\Portfolio\node_modules\next\dist\compiled\next-server\app-page.runtime.prod.js:12:142090)
    at eE (C:\Users\LENOVO\Downloads\Portfolio\node_modules\next\dist\compiled\next-server\app-page.runtime.prod.js:12:142569)
    at Timeout._onTimeout (C:\Users\LENOVO\Downloads\Portfolio\node_modules\next\dist\compiled\next-server\app-page.runtime.prod.js:12:135346)
    at listOnTimeout (node:internal/timers:588:17)
    at process.processTimers (node:internal/timers:523:7) {
  digest: '723572537'
}
Error: Event handlers cannot be passed to Client Component props.
  {src: ..., alt: ..., className: ..., onError: function onError}
                                                ^^^^^^^^^^^^^^^^
If you need interactivity, consider converting part of this to a Client Component.
    at ek (C:\Users\LENOVO\Downloads\Portfolio\node_modules\next\dist\compiled\next-server\app-page.runtime.prod.js:12:140437)
    at Object.toJSON (C:\Users\LENOVO\Downloads\Portfolio\node_modules\next\dist\compiled\next-server\app-page.runtime.prod.js:12:135626)
    at stringify (<anonymous>)
    at eP (C:\Users\LENOVO\Downloads\Portfolio\node_modules\next\dist\compiled\next-server\app-page.runtime.prod.js:12:142090)
    at eE (C:\Users\LENOVO\Downloads\Portfolio\node_modules\next\dist\compiled\next-server\app-page.runtime.prod.js:12:142569)
    at Timeout._onTimeout (C:\Users\LENOVO\Downloads\Portfolio\node_modules\next\dist\compiled\next-server\app-page.runtime.prod.js:12:135346)
    at listOnTimeout (node:internal/timers:588:17)
    at process.processTimers (node:internal/timers:523:7) {
  digest: '723572537'
}
Error: Event handlers cannot be passed to Client Component props.
  {src: ..., alt: ..., className: ..., onError: function onError}
                                                ^^^^^^^^^^^^^^^^
If you need interactivity, consider converting part of this to a Client Component.
    at ek (C:\Users\LENOVO\Downloads\Portfolio\node_modules\next\dist\compiled\next-server\app-page.runtime.prod.js:12:140437)
    at Object.toJSON (C:\Users\LENOVO\Downloads\Portfolio\node_modules\next\dist\compiled\next-server\app-page.runtime.prod.js:12:135626)
    at stringify (<anonymous>)
    at eP (C:\Users\LENOVO\Downloads\Portfolio\node_modules\next\dist\compiled\next-server\app-page.runtime.prod.js:12:142090)
    at eE (C:\Users\LENOVO\Downloads\Portfolio\node_modules\next\dist\compiled\next-server\app-page.runtime.prod.js:12:142569)
    at AsyncLocalStorage.run (node:internal/async_local_storage/async_hooks:91:14)
    at Timeout._onTimeout (C:\Users\LENOVO\Downloads\Portfolio\node_modules\next\dist\compiled\next-server\app-page.runtime.prod.js:12:150268)
    at listOnTimeout (node:internal/timers:588:17)
    at process.processTimers (node:internal/timers:523:7) {
  digest: '3256436151'
}
Error: Event handlers cannot be passed to Client Component props.
  {src: ..., alt: ..., className: ..., onError: function onError}
                                                ^^^^^^^^^^^^^^^^
If you need interactivity, consider converting part of this to a Client Component.
    at ek (C:\Users\LENOVO\Downloads\Portfolio\node_modules\next\dist\compiled\next-server\app-page.runtime.prod.js:12:140437)
    at Object.toJSON (C:\Users\LENOVO\Downloads\Portfolio\node_modules\next\dist\compiled\next-server\app-page.runtime.prod.js:12:135626)
    at stringify (<anonymous>)
    at eP (C:\Users\LENOVO\Downloads\Portfolio\node_modules\next\dist\compiled\next-server\app-page.runtime.prod.js:12:142090)
    at eE (C:\Users\LENOVO\Downloads\Portfolio\node_modules\next\dist\compiled\next-server\app-page.runtime.prod.js:12:142569)
    at Timeout._onTimeout (C:\Users\LENOVO\Downloads\Portfolio\node_modules\next\dist\compiled\next-server\app-page.runtime.prod.js:12:135346)
    at listOnTimeout (node:internal/timers:588:17)
    at process.processTimers (node:internal/timers:523:7) {
  digest: '723572537'
}
Error: Event handlers cannot be passed to Client Component props.
  {src: ..., alt: ..., className: ..., onError: function onError}
                                                ^^^^^^^^^^^^^^^^
If you need interactivity, consider converting part of this to a Client Component.
    at ek (C:\Users\LENOVO\Downloads\Portfolio\node_modules\next\dist\compiled\next-server\app-page.runtime.prod.js:12:140437)
    at Object.toJSON (C:\Users\LENOVO\Downloads\Portfolio\node_modules\next\dist\compiled\next-server\app-page.runtime.prod.js:12:135626)
    at stringify (<anonymous>)
    at eP (C:\Users\LENOVO\Downloads\Portfolio\node_modules\next\dist\compiled\next-server\app-page.runtime.prod.js:12:142090)
    at eE (C:\Users\LENOVO\Downloads\Portfolio\node_modules\next\dist\compiled\next-server\app-page.runtime.prod.js:12:142569)
    at Timeout._onTimeout (C:\Users\LENOVO\Downloads\Portfolio\node_modules\next\dist\compiled\next-server\app-page.runtime.prod.js:12:135346)
    at listOnTimeout (node:internal/timers:588:17)
    at process.processTimers (node:internal/timers:523:7) {
  digest: '723572537'
}
Error: Event handlers cannot be passed to Client Component props.
  {src: ..., alt: "BEAN", className: ..., onError: function onError}
                                                   ^^^^^^^^^^^^^^^^
If you need interactivity, consider converting part of this to a Client Component.
    at ek (C:\Users\LENOVO\Downloads\Portfolio\node_modules\next\dist\compiled\next-server\app-page.runtime.prod.js:12:140437)
    at Object.toJSON (C:\Users\LENOVO\Downloads\Portfolio\node_modules\next\dist\compiled\next-server\app-page.runtime.prod.js:12:135626)
    at stringify (<anonymous>)
    at eP (C:\Users\LENOVO\Downloads\Portfolio\node_modules\next\dist\compiled\next-server\app-page.runtime.prod.js:12:142090)
    at eE (C:\Users\LENOVO\Downloads\Portfolio\node_modules\next\dist\compiled\next-server\app-page.runtime.prod.js:12:142569)
    at AsyncLocalStorage.run (node:internal/async_local_storage/async_hooks:91:14)
    at Timeout._onTimeout (C:\Users\LENOVO\Downloads\Portfolio\node_modules\next\dist\compiled\next-server\app-page.runtime.prod.js:12:150268)
    at listOnTimeout (node:internal/timers:588:17)
    at process.processTimers (node:internal/timers:523:7) {
  digest: '2677757303'
}
Error: Event handlers cannot be passed to Client Component props.
  {src: ..., alt: "BEAN", className: ..., onError: function onError}
                                                   ^^^^^^^^^^^^^^^^
If you need interactivity, consider converting part of this to a Client Component.
    at ek (C:\Users\LENOVO\Downloads\Portfolio\node_modules\next\dist\compiled\next-server\app-page.runtime.prod.js:12:140437)
    at Object.toJSON (C:\Users\LENOVO\Downloads\Portfolio\node_modules\next\dist\compiled\next-server\app-page.runtime.prod.js:12:135626)
    at stringify (<anonymous>)
    at eP (C:\Users\LENOVO\Downloads\Portfolio\node_modules\next\dist\compiled\next-server\app-page.runtime.prod.js:12:142090)
    at eE (C:\Users\LENOVO\Downloads\Portfolio\node_modules\next\dist\compiled\next-server\app-page.runtime.prod.js:12:142569)
    at Timeout._onTimeout (C:\Users\LENOVO\Downloads\Portfolio\node_modules\next\dist\compiled\next-server\app-page.runtime.prod.js:12:135346)
    at listOnTimeout (node:internal/timers:588:17)
    at process.processTimers (node:internal/timers:523:7) {
  digest: '1942598265'
}
Error: Event handlers cannot be passed to Client Component props.
  {src: ..., alt: "BEAN", className: ..., onError: function onError}
                                                   ^^^^^^^^^^^^^^^^
If you need interactivity, consider converting part of this to a Client Component.
    at ek (C:\Users\LENOVO\Downloads\Portfolio\node_modules\next\dist\compiled\next-server\app-page.runtime.prod.js:12:140437)
    at Object.toJSON (C:\Users\LENOVO\Downloads\Portfolio\node_modules\next\dist\compiled\next-server\app-page.runtime.prod.js:12:135626)
    at stringify (<anonymous>)
    at eP (C:\Users\LENOVO\Downloads\Portfolio\node_modules\next\dist\compiled\next-server\app-page.runtime.prod.js:12:142090)
    at eE (C:\Users\LENOVO\Downloads\Portfolio\node_modules\next\dist\compiled\next-server\app-page.runtime.prod.js:12:142569)
    at Timeout._onTimeout (C:\Users\LENOVO\Downloads\Portfolio\node_modules\next\dist\compiled\next-server\app-page.runtime.prod.js:12:135346)
    at listOnTimeout (node:internal/timers:588:17)
    at process.processTimers (node:internal/timers:523:7) {
  digest: '1942598265'
}
   Generating static pages (3/14) 
Error: Event handlers cannot be passed to Client Component props.
  {src: ..., alt: ..., className: ..., onError: function onError}
                                                ^^^^^^^^^^^^^^^^
If you need interactivity, consider converting part of this to a Client Component.
    at ek (C:\Users\LENOVO\Downloads\Portfolio\node_modules\next\dist\compiled\next-server\app-page.runtime.prod.js:12:140437)
    at Object.toJSON (C:\Users\LENOVO\Downloads\Portfolio\node_modules\next\dist\compiled\next-server\app-page.runtime.prod.js:12:135626)
    at stringify (<anonymous>)
    at eP (C:\Users\LENOVO\Downloads\Portfolio\node_modules\next\dist\compiled\next-server\app-page.runtime.prod.js:12:142090)
    at eE (C:\Users\LENOVO\Downloads\Portfolio\node_modules\next\dist\compiled\next-server\app-page.runtime.prod.js:12:142569)
    at AsyncLocalStorage.run (node:internal/async_local_storage/async_hooks:91:14)
    at Timeout._onTimeout (C:\Users\LENOVO\Downloads\Portfolio\node_modules\next\dist\compiled\next-server\app-page.runtime.prod.js:12:150268)
    at listOnTimeout (node:internal/timers:588:17)
    at process.processTimers (node:internal/timers:523:7) {
  digest: '3256436151'
}
Error: Event handlers cannot be passed to Client Component props.
  {src: ..., alt: ..., className: ..., onError: function onError}
                                                ^^^^^^^^^^^^^^^^
If you need interactivity, consider converting part of this to a Client Component.
    at ek (C:\Users\LENOVO\Downloads\Portfolio\node_modules\next\dist\compiled\next-server\app-page.runtime.prod.js:12:140437)
    at Object.toJSON (C:\Users\LENOVO\Downloads\Portfolio\node_modules\next\dist\compiled\next-server\app-page.runtime.prod.js:12:135626)
    at stringify (<anonymous>)
    at eP (C:\Users\LENOVO\Downloads\Portfolio\node_modules\next\dist\compiled\next-server\app-page.runtime.prod.js:12:142090)
    at eE (C:\Users\LENOVO\Downloads\Portfolio\node_modules\next\dist\compiled\next-server\app-page.runtime.prod.js:12:142569)
    at Timeout._onTimeout (C:\Users\LENOVO\Downloads\Portfolio\node_modules\next\dist\compiled\next-server\app-page.runtime.prod.js:12:135346)
    at listOnTimeout (node:internal/timers:588:17)
    at process.processTimers (node:internal/timers:523:7) {
  digest: '723572537'
}
Error: Event handlers cannot be passed to Client Component props.
  {src: ..., alt: ..., className: ..., onError: function onError}
                                                ^^^^^^^^^^^^^^^^
If you need interactivity, consider converting part of this to a Client Component.
    at ek (C:\Users\LENOVO\Downloads\Portfolio\node_modules\next\dist\compiled\next-server\app-page.runtime.prod.js:12:140437)
    at Object.toJSON (C:\Users\LENOVO\Downloads\Portfolio\node_modules\next\dist\compiled\next-server\app-page.runtime.prod.js:12:135626)
    at stringify (<anonymous>)
    at eP (C:\Users\LENOVO\Downloads\Portfolio\node_modules\next\dist\compiled\next-server\app-page.runtime.prod.js:12:142090)
    at eE (C:\Users\LENOVO\Downloads\Portfolio\node_modules\next\dist\compiled\next-server\app-page.runtime.prod.js:12:142569)
    at AsyncLocalStorage.run (node:internal/async_local_storage/async_hooks:91:14)
    at Timeout._onTimeout (C:\Users\LENOVO\Downloads\Portfolio\node_modules\next\dist\compiled\next-server\app-page.runtime.prod.js:12:150268)
    at listOnTimeout (node:internal/timers:588:17)
    at process.processTimers (node:internal/timers:523:7) {
  digest: '3256436151'
}
Error: Event handlers cannot be passed to Client Component props.
  {src: ..., alt: ..., className: ..., onError: function onError}
                                                ^^^^^^^^^^^^^^^^
If you need interactivity, consider converting part of this to a Client Component.
    at ek (C:\Users\LENOVO\Downloads\Portfolio\node_modules\next\dist\compiled\next-server\app-page.runtime.prod.js:12:140437)
    at Object.toJSON (C:\Users\LENOVO\Downloads\Portfolio\node_modules\next\dist\compiled\next-server\app-page.runtime.prod.js:12:135626)
    at stringify (<anonymous>)
    at eP (C:\Users\LENOVO\Downloads\Portfolio\node_modules\next\dist\compiled\next-server\app-page.runtime.prod.js:12:142090)
    at eE (C:\Users\LENOVO\Downloads\Portfolio\node_modules\next\dist\compiled\next-server\app-page.runtime.prod.js:12:142569)
    at Timeout._onTimeout (C:\Users\LENOVO\Downloads\Portfolio\node_modules\next\dist\compiled\next-server\app-page.runtime.prod.js:12:135346)
    at listOnTimeout (node:internal/timers:588:17)
    at process.processTimers (node:internal/timers:523:7) {
  digest: '723572537'
}
Error: Event handlers cannot be passed to Client Component props.
  {src: ..., alt: ..., className: ..., onError: function onError}
                                                ^^^^^^^^^^^^^^^^
If you need interactivity, consider converting part of this to a Client Component.
    at ek (C:\Users\LENOVO\Downloads\Portfolio\node_modules\next\dist\compiled\next-server\app-page.runtime.prod.js:12:140437)
    at Object.toJSON (C:\Users\LENOVO\Downloads\Portfolio\node_modules\next\dist\compiled\next-server\app-page.runtime.prod.js:12:135626)
    at stringify (<anonymous>)
    at eP (C:\Users\LENOVO\Downloads\Portfolio\node_modules\next\dist\compiled\next-server\app-page.runtime.prod.js:12:142090)
    at eE (C:\Users\LENOVO\Downloads\Portfolio\node_modules\next\dist\compiled\next-server\app-page.runtime.prod.js:12:142569)
    at Timeout._onTimeout (C:\Users\LENOVO\Downloads\Portfolio\node_modules\next\dist\compiled\next-server\app-page.runtime.prod.js:12:135346)
    at listOnTimeout (node:internal/timers:588:17)
    at process.processTimers (node:internal/timers:523:7) {
  digest: '723572537'
}
Error: Event handlers cannot be passed to Client Component props.
  {src: ..., alt: ..., className: ..., onError: function onError}
                                                ^^^^^^^^^^^^^^^^
If you need interactivity, consider converting part of this to a Client Component.
    at ek (C:\Users\LENOVO\Downloads\Portfolio\node_modules\next\dist\compiled\next-server\app-page.runtime.prod.js:12:140437)
    at Object.toJSON (C:\Users\LENOVO\Downloads\Portfolio\node_modules\next\dist\compiled\next-server\app-page.runtime.prod.js:12:135626)
    at stringify (<anonymous>)
    at eP (C:\Users\LENOVO\Downloads\Portfolio\node_modules\next\dist\compiled\next-server\app-page.runtime.prod.js:12:142090)
    at eE (C:\Users\LENOVO\Downloads\Portfolio\node_modules\next\dist\compiled\next-server\app-page.runtime.prod.js:12:142569)
    at AsyncLocalStorage.run (node:internal/async_local_storage/async_hooks:91:14)
    at Timeout._onTimeout (C:\Users\LENOVO\Downloads\Portfolio\node_modules\next\dist\compiled\next-server\app-page.runtime.prod.js:12:150268)
    at listOnTimeout (node:internal/timers:588:17)
    at process.processTimers (node:internal/timers:523:7) {
  digest: '3256436151'
}
Error: Event handlers cannot be passed to Client Component props.
  {src: ..., alt: ..., className: ..., onError: function onError}
                                                ^^^^^^^^^^^^^^^^
If you need interactivity, consider converting part of this to a Client Component.
    at ek (C:\Users\LENOVO\Downloads\Portfolio\node_modules\next\dist\compiled\next-server\app-page.runtime.prod.js:12:140437)
    at Object.toJSON (C:\Users\LENOVO\Downloads\Portfolio\node_modules\next\dist\compiled\next-server\app-page.runtime.prod.js:12:135626)
    at stringify (<anonymous>)
    at eP (C:\Users\LENOVO\Downloads\Portfolio\node_modules\next\dist\compiled\next-server\app-page.runtime.prod.js:12:142090)
    at eE (C:\Users\LENOVO\Downloads\Portfolio\node_modules\next\dist\compiled\next-server\app-page.runtime.prod.js:12:142569)
    at Timeout._onTimeout (C:\Users\LENOVO\Downloads\Portfolio\node_modules\next\dist\compiled\next-server\app-page.runtime.prod.js:12:135346)
    at listOnTimeout (node:internal/timers:588:17)
    at process.processTimers (node:internal/timers:523:7) {
  digest: '723572537'
}
Error: Event handlers cannot be passed to Client Component props.
  {src: ..., alt: ..., className: ..., onError: function onError}
                                                ^^^^^^^^^^^^^^^^
If you need interactivity, consider converting part of this to a Client Component.
    at ek (C:\Users\LENOVO\Downloads\Portfolio\node_modules\next\dist\compiled\next-server\app-page.runtime.prod.js:12:140437)
    at Object.toJSON (C:\Users\LENOVO\Downloads\Portfolio\node_modules\next\dist\compiled\next-server\app-page.runtime.prod.js:12:135626)
    at stringify (<anonymous>)
    at eP (C:\Users\LENOVO\Downloads\Portfolio\node_modules\next\dist\compiled\next-server\app-page.runtime.prod.js:12:142090)
    at eE (C:\Users\LENOVO\Downloads\Portfolio\node_modules\next\dist\compiled\next-server\app-page.runtime.prod.js:12:142569)
    at AsyncLocalStorage.run (node:internal/async_local_storage/async_hooks:91:14)
    at Timeout._onTimeout (C:\Users\LENOVO\Downloads\Portfolio\node_modules\next\dist\compiled\next-server\app-page.runtime.prod.js:12:150268)
    at listOnTimeout (node:internal/timers:588:17)
    at process.processTimers (node:internal/timers:523:7) {
  digest: '3256436151'
}
Error: Event handlers cannot be passed to Client Component props.
  {src: ..., alt: ..., className: ..., onError: function onError}
                                                ^^^^^^^^^^^^^^^^
If you need interactivity, consider converting part of this to a Client Component.
    at ek (C:\Users\LENOVO\Downloads\Portfolio\node_modules\next\dist\compiled\next-server\app-page.runtime.prod.js:12:140437)
    at Object.toJSON (C:\Users\LENOVO\Downloads\Portfolio\node_modules\next\dist\compiled\next-server\app-page.runtime.prod.js:12:135626)
    at stringify (<anonymous>)
    at eP (C:\Users\LENOVO\Downloads\Portfolio\node_modules\next\dist\compiled\next-server\app-page.runtime.prod.js:12:142090)
    at eE (C:\Users\LENOVO\Downloads\Portfolio\node_modules\next\dist\compiled\next-server\app-page.runtime.prod.js:12:142569)
    at Timeout._onTimeout (C:\Users\LENOVO\Downloads\Portfolio\node_modules\next\dist\compiled\next-server\app-page.runtime.prod.js:12:135346)
    at listOnTimeout (node:internal/timers:588:17)
    at process.processTimers (node:internal/timers:523:7) {
  digest: '723572537'
}
Error: Event handlers cannot be passed to Client Component props.
  {src: ..., alt: ..., className: ..., onError: function onError}
                                                ^^^^^^^^^^^^^^^^
If you need interactivity, consider converting part of this to a Client Component.
    at ek (C:\Users\LENOVO\Downloads\Portfolio\node_modules\next\dist\compiled\next-server\app-page.runtime.prod.js:12:140437)
    at Object.toJSON (C:\Users\LENOVO\Downloads\Portfolio\node_modules\next\dist\compiled\next-server\app-page.runtime.prod.js:12:135626)
    at stringify (<anonymous>)
    at eP (C:\Users\LENOVO\Downloads\Portfolio\node_modules\next\dist\compiled\next-server\app-page.runtime.prod.js:12:142090)
    at eE (C:\Users\LENOVO\Downloads\Portfolio\node_modules\next\dist\compiled\next-server\app-page.runtime.prod.js:12:142569)
    at Timeout._onTimeout (C:\Users\LENOVO\Downloads\Portfolio\node_modules\next\dist\compiled\next-server\app-page.runtime.prod.js:12:135346)
    at listOnTimeout (node:internal/timers:588:17)
    at process.processTimers (node:internal/timers:523:7) {
  digest: '723572537'
}
Error: Event handlers cannot be passed to Client Component props.
  {src: ..., alt: ..., className: ..., onError: function onError}
                                                ^^^^^^^^^^^^^^^^
If you need interactivity, consider converting part of this to a Client Component.
    at ek (C:\Users\LENOVO\Downloads\Portfolio\node_modules\next\dist\compiled\next-server\app-page.runtime.prod.js:12:140437)
    at Object.toJSON (C:\Users\LENOVO\Downloads\Portfolio\node_modules\next\dist\compiled\next-server\app-page.runtime.prod.js:12:135626)
    at stringify (<anonymous>)
    at eP (C:\Users\LENOVO\Downloads\Portfolio\node_modules\next\dist\compiled\next-server\app-page.runtime.prod.js:12:142090)
    at eE (C:\Users\LENOVO\Downloads\Portfolio\node_modules\next\dist\compiled\next-server\app-page.runtime.prod.js:12:142569)
    at Timeout._onTimeout (C:\Users\LENOVO\Downloads\Portfolio\node_modules\next\dist\compiled\next-server\app-page.runtime.prod.js:12:135346)
    at listOnTimeout (node:internal/timers:588:17)
    at process.processTimers (node:internal/timers:523:7) {
  digest: '723572537'
}
Error: Event handlers cannot be passed to Client Component props.
  {src: ..., alt: ..., className: ..., onError: function onError}
                                                ^^^^^^^^^^^^^^^^
If you need interactivity, consider converting part of this to a Client Component.
    at ek (C:\Users\LENOVO\Downloads\Portfolio\node_modules\next\dist\compiled\next-server\app-page.runtime.prod.js:12:140437)
    at Object.toJSON (C:\Users\LENOVO\Downloads\Portfolio\node_modules\next\dist\compiled\next-server\app-page.runtime.prod.js:12:135626)
    at stringify (<anonymous>)
    at eP (C:\Users\LENOVO\Downloads\Portfolio\node_modules\next\dist\compiled\next-server\app-page.runtime.prod.js:12:142090)
    at eE (C:\Users\LENOVO\Downloads\Portfolio\node_modules\next\dist\compiled\next-server\app-page.runtime.prod.js:12:142569)
    at Timeout._onTimeout (C:\Users\LENOVO\Downloads\Portfolio\node_modules\next\dist\compiled\next-server\app-page.runtime.prod.js:12:135346)
    at listOnTimeout (node:internal/timers:588:17)
    at process.processTimers (node:internal/timers:523:7) {
  digest: '723572537'
}
   Generating static pages (6/14) 
 ⚠ Sending SIGTERM signal to static worker due to timeout of 60 seconds. Subsequent errors may be a result of the worker exiting.
 ⚠ Restarted static page generation for /works/bean because it took more than 60 seconds
 ⚠ See more info here https://nextjs.org/docs/messages/static-page-generation-timeout
 ⚠ Restarted static page generation for /works/ev-from-scratch because it took more than 60 seconds
 ⚠ Restarted static page generation for /works/cloud-native-cicd because it took more than 60 seconds
 ⚠ Restarted static page generation for /works/4rent-lk because it took more than 60 seconds
 ⚠ Restarted static page generation for /works/motion-relief because it took more than 60 seconds
 ⚠ Restarted static page generation for /works/sqrl-budget because it took more than 60 seconds
 ⚠ Restarted static page generation for /works/pixel-scholar because it took more than 60 seconds
 ⚠ Restarted static page generation for /works/devneko because it took more than 60 seconds
Error: Event handlers cannot be passed to Client Component props.
  {src: ..., alt: "DevNeko", className: ..., onError: function onError}
                                                      ^^^^^^^^^^^^^^^^
If you need interactivity, consider converting part of this to a Client Component.
    at ek (C:\Users\LENOVO\Downloads\Portfolio\node_modules\next\dist\compiled\next-server\app-page.runtime.prod.js:12:140437)
    at Object.toJSON (C:\Users\LENOVO\Downloads\Portfolio\node_modules\next\dist\compiled\next-server\app-page.runtime.prod.js:12:135626)
    at stringify (<anonymous>)
    at eP (C:\Users\LENOVO\Downloads\Portfolio\node_modules\next\dist\compiled\next-server\app-page.runtime.prod.js:12:142090)
    at eE (C:\Users\LENOVO\Downloads\Portfolio\node_modules\next\dist\compiled\next-server\app-page.runtime.prod.js:12:142569)
    at AsyncLocalStorage.run (node:internal/async_local_storage/async_hooks:91:14)
    at Timeout._onTimeout (C:\Users\LENOVO\Downloads\Portfolio\node_modules\next\dist\compiled\next-server\app-page.runtime.prod.js:12:150268)
    at listOnTimeout (node:internal/timers:588:17)
    at process.processTimers (node:internal/timers:523:7) {
  digest: '2052484023'
}
Error: Event handlers cannot be passed to Client Component props.
  {src: ..., alt: "DevNeko", className: ..., onError: function onError}
                                                      ^^^^^^^^^^^^^^^^
If you need interactivity, consider converting part of this to a Client Component.
    at ek (C:\Users\LENOVO\Downloads\Portfolio\node_modules\next\dist\compiled\next-server\app-page.runtime.prod.js:12:140437)
    at Object.toJSON (C:\Users\LENOVO\Downloads\Portfolio\node_modules\next\dist\compiled\next-server\app-page.runtime.prod.js:12:135626)
    at stringify (<anonymous>)
    at eP (C:\Users\LENOVO\Downloads\Portfolio\node_modules\next\dist\compiled\next-server\app-page.runtime.prod.js:12:142090)
    at eE (C:\Users\LENOVO\Downloads\Portfolio\node_modules\next\dist\compiled\next-server\app-page.runtime.prod.js:12:142569)
    at Timeout._onTimeout (C:\Users\LENOVO\Downloads\Portfolio\node_modules\next\dist\compiled\next-server\app-page.runtime.prod.js:12:135346)
    at listOnTimeout (node:internal/timers:588:17)
    at process.processTimers (node:internal/timers:523:7) {
  digest: '755076409'
}
Error: Event handlers cannot be passed to Client Component props.
  {src: ..., alt: ..., className: ..., onError: function onError}
                                                ^^^^^^^^^^^^^^^^
If you need interactivity, consider converting part of this to a Client Component.
    at ek (C:\Users\LENOVO\Downloads\Portfolio\node_modules\next\dist\compiled\next-server\app-page.runtime.prod.js:12:140437)
    at Object.toJSON (C:\Users\LENOVO\Downloads\Portfolio\node_modules\next\dist\compiled\next-server\app-page.runtime.prod.js:12:135626)
    at stringify (<anonymous>)
    at eP (C:\Users\LENOVO\Downloads\Portfolio\node_modules\next\dist\compiled\next-server\app-page.runtime.prod.js:12:142090)
    at eE (C:\Users\LENOVO\Downloads\Portfolio\node_modules\next\dist\compiled\next-server\app-page.runtime.prod.js:12:142569)
    at AsyncLocalStorage.run (node:internal/async_local_storage/async_hooks:91:14)
    at Timeout._onTimeout (C:\Users\LENOVO\Downloads\Portfolio\node_modules\next\dist\compiled\next-server\app-page.runtime.prod.js:12:150268)
    at listOnTimeout (node:internal/timers:588:17)
    at process.processTimers (node:internal/timers:523:7) {
  digest: '3256436151'
}
Error: Event handlers cannot be passed to Client Component props.
  {src: ..., alt: ..., className: ..., onError: function onError}
                                                ^^^^^^^^^^^^^^^^
If you need interactivity, consider converting part of this to a Client Component.
    at ek (C:\Users\LENOVO\Downloads\Portfolio\node_modules\next\dist\compiled\next-server\app-page.runtime.prod.js:12:140437)
    at Object.toJSON (C:\Users\LENOVO\Downloads\Portfolio\node_modules\next\dist\compiled\next-server\app-page.runtime.prod.js:12:135626)
    at stringify (<anonymous>)
    at eP (C:\Users\LENOVO\Downloads\Portfolio\node_modules\next\dist\compiled\next-server\app-page.runtime.prod.js:12:142090)
    at eE (C:\Users\LENOVO\Downloads\Portfolio\node_modules\next\dist\compiled\next-server\app-page.runtime.prod.js:12:142569)
    at AsyncLocalStorage.run (node:internal/async_local_storage/async_hooks:91:14)
    at Timeout._onTimeout (C:\Users\LENOVO\Downloads\Portfolio\node_modules\next\dist\compiled\next-server\app-page.runtime.prod.js:12:150268)
    at listOnTimeout (node:internal/timers:588:17)
    at process.processTimers (node:internal/timers:523:7) {
  digest: '3256436151'
}
Error: Event handlers cannot be passed to Client Component props.
  {src: ..., alt: ..., className: ..., onError: function onError}
                                                ^^^^^^^^^^^^^^^^
If you need interactivity, consider converting part of this to a Client Component.
    at ek (C:\Users\LENOVO\Downloads\Portfolio\node_modules\next\dist\compiled\next-server\app-page.runtime.prod.js:12:140437)
    at Object.toJSON (C:\Users\LENOVO\Downloads\Portfolio\node_modules\next\dist\compiled\next-server\app-page.runtime.prod.js:12:135626)
    at stringify (<anonymous>)
    at eP (C:\Users\LENOVO\Downloads\Portfolio\node_modules\next\dist\compiled\next-server\app-page.runtime.prod.js:12:142090)
    at eE (C:\Users\LENOVO\Downloads\Portfolio\node_modules\next\dist\compiled\next-server\app-page.runtime.prod.js:12:142569)
    at Timeout._onTimeout (C:\Users\LENOVO\Downloads\Portfolio\node_modules\next\dist\compiled\next-server\app-page.runtime.prod.js:12:135346)
    at listOnTimeout (node:internal/timers:588:17)
    at process.processTimers (node:internal/timers:523:7) {
  digest: '723572537'
}
Error: Event handlers cannot be passed to Client Component props.
  {src: ..., alt: ..., className: ..., onError: function onError}
                                                ^^^^^^^^^^^^^^^^
If you need interactivity, consider converting part of this to a Client Component.
    at ek (C:\Users\LENOVO\Downloads\Portfolio\node_modules\next\dist\compiled\next-server\app-page.runtime.prod.js:12:140437)
    at Object.toJSON (C:\Users\LENOVO\Downloads\Portfolio\node_modules\next\dist\compiled\next-server\app-page.runtime.prod.js:12:135626)
    at stringify (<anonymous>)
    at eP (C:\Users\LENOVO\Downloads\Portfolio\node_modules\next\dist\compiled\next-server\app-page.runtime.prod.js:12:142090)
    at eE (C:\Users\LENOVO\Downloads\Portfolio\node_modules\next\dist\compiled\next-server\app-page.runtime.prod.js:12:142569)
    at AsyncLocalStorage.run (node:internal/async_local_storage/async_hooks:91:14)
    at Timeout._onTimeout (C:\Users\LENOVO\Downloads\Portfolio\node_modules\next\dist\compiled\next-server\app-page.runtime.prod.js:12:150268)
    at listOnTimeout (node:internal/timers:588:17)
    at process.processTimers (node:internal/timers:523:7) {
  digest: '3256436151'
}
Error: Event handlers cannot be passed to Client Component props.
  {src: ..., alt: ..., className: ..., onError: function onError}
                                                ^^^^^^^^^^^^^^^^
If you need interactivity, consider converting part of this to a Client Component.
    at ek (C:\Users\LENOVO\Downloads\Portfolio\node_modules\next\dist\compiled\next-server\app-page.runtime.prod.js:12:140437)
    at Object.toJSON (C:\Users\LENOVO\Downloads\Portfolio\node_modules\next\dist\compiled\next-server\app-page.runtime.prod.js:12:135626)
    at stringify (<anonymous>)
    at eP (C:\Users\LENOVO\Downloads\Portfolio\node_modules\next\dist\compiled\next-server\app-page.runtime.prod.js:12:142090)
    at eE (C:\Users\LENOVO\Downloads\Portfolio\node_modules\next\dist\compiled\next-server\app-page.runtime.prod.js:12:142569)
    at Timeout._onTimeout (C:\Users\LENOVO\Downloads\Portfolio\node_modules\next\dist\compiled\next-server\app-page.runtime.prod.js:12:135346)
    at listOnTimeout (node:internal/timers:588:17)
    at process.processTimers (node:internal/timers:523:7) {
  digest: '723572537'
}
Error: Event handlers cannot be passed to Client Component props.
  {src: ..., alt: ..., className: ..., onError: function onError}
                                                ^^^^^^^^^^^^^^^^
If you need interactivity, consider converting part of this to a Client Component.
    at ek (C:\Users\LENOVO\Downloads\Portfolio\node_modules\next\dist\compiled\next-server\app-page.runtime.prod.js:12:140437)
    at Object.toJSON (C:\Users\LENOVO\Downloads\Portfolio\node_modules\next\dist\compiled\next-server\app-page.runtime.prod.js:12:135626)
    at stringify (<anonymous>)
    at eP (C:\Users\LENOVO\Downloads\Portfolio\node_modules\next\dist\compiled\next-server\app-page.runtime.prod.js:12:142090)
    at eE (C:\Users\LENOVO\Downloads\Portfolio\node_modules\next\dist\compiled\next-server\app-page.runtime.prod.js:12:142569)
    at AsyncLocalStorage.run (node:internal/async_local_storage/async_hooks:91:14)
    at Timeout._onTimeout (C:\Users\LENOVO\Downloads\Portfolio\node_modules\next\dist\compiled\next-server\app-page.runtime.prod.js:12:150268)
    at listOnTimeout (node:internal/timers:588:17)
    at process.processTimers (node:internal/timers:523:7) {
  digest: '3256436151'
}
Error: Event handlers cannot be passed to Client Component props.
  {src: ..., alt: ..., className: ..., onError: function onError}
                                                ^^^^^^^^^^^^^^^^
If you need interactivity, consider converting part of this to a Client Component.
    at ek (C:\Users\LENOVO\Downloads\Portfolio\node_modules\next\dist\compiled\next-server\app-page.runtime.prod.js:12:140437)
    at Object.toJSON (C:\Users\LENOVO\Downloads\Portfolio\node_modules\next\dist\compiled\next-server\app-page.runtime.prod.js:12:135626)
    at stringify (<anonymous>)
    at eP (C:\Users\LENOVO\Downloads\Portfolio\node_modules\next\dist\compiled\next-server\app-page.runtime.prod.js:12:142090)
    at eE (C:\Users\LENOVO\Downloads\Portfolio\node_modules\next\dist\compiled\next-server\app-page.runtime.prod.js:12:142569)
    at Timeout._onTimeout (C:\Users\LENOVO\Downloads\Portfolio\node_modules\next\dist\compiled\next-server\app-page.runtime.prod.js:12:135346)
    at listOnTimeout (node:internal/timers:588:17)
    at process.processTimers (node:internal/timers:523:7) {
  digest: '723572537'
}
Error: Event handlers cannot be passed to Client Component props.
  {src: ..., alt: ..., className: ..., onError: function onError}
                                                ^^^^^^^^^^^^^^^^
If you need interactivity, consider converting part of this to a Client Component.
    at ek (C:\Users\LENOVO\Downloads\Portfolio\node_modules\next\dist\compiled\next-server\app-page.runtime.prod.js:12:140437)
    at Object.toJSON (C:\Users\LENOVO\Downloads\Portfolio\node_modules\next\dist\compiled\next-server\app-page.runtime.prod.js:12:135626)
    at stringify (<anonymous>)
    at eP (C:\Users\LENOVO\Downloads\Portfolio\node_modules\next\dist\compiled\next-server\app-page.runtime.prod.js:12:142090)
    at eE (C:\Users\LENOVO\Downloads\Portfolio\node_modules\next\dist\compiled\next-server\app-page.runtime.prod.js:12:142569)
    at Timeout._onTimeout (C:\Users\LENOVO\Downloads\Portfolio\node_modules\next\dist\compiled\next-server\app-page.runtime.prod.js:12:135346)
    at listOnTimeout (node:internal/timers:588:17)
    at process.processTimers (node:internal/timers:523:7) {
  digest: '723572537'
}
Error: Event handlers cannot be passed to Client Component props.
  {src: ..., alt: ..., className: ..., onError: function onError}
                                                ^^^^^^^^^^^^^^^^
If you need interactivity, consider converting part of this to a Client Component.
    at ek (C:\Users\LENOVO\Downloads\Portfolio\node_modules\next\dist\compiled\next-server\app-page.runtime.prod.js:12:140437)
    at Object.toJSON (C:\Users\LENOVO\Downloads\Portfolio\node_modules\next\dist\compiled\next-server\app-page.runtime.prod.js:12:135626)
    at stringify (<anonymous>)
    at eP (C:\Users\LENOVO\Downloads\Portfolio\node_modules\next\dist\compiled\next-server\app-page.runtime.prod.js:12:142090)
    at eE (C:\Users\LENOVO\Downloads\Portfolio\node_modules\next\dist\compiled\next-server\app-page.runtime.prod.js:12:142569)
    at Timeout._onTimeout (C:\Users\LENOVO\Downloads\Portfolio\node_modules\next\dist\compiled\next-server\app-page.runtime.prod.js:12:135346)
    at listOnTimeout (node:internal/timers:588:17)
    at process.processTimers (node:internal/timers:523:7) {
  digest: '723572537'
}
Error: Event handlers cannot be passed to Client Component props.
  {src: ..., alt: "BEAN", className: ..., onError: function onError}
                                                   ^^^^^^^^^^^^^^^^
If you need interactivity, consider converting part of this to a Client Component.
    at ek (C:\Users\LENOVO\Downloads\Portfolio\node_modules\next\dist\compiled\next-server\app-page.runtime.prod.js:12:140437)
    at Object.toJSON (C:\Users\LENOVO\Downloads\Portfolio\node_modules\next\dist\compiled\next-server\app-page.runtime.prod.js:12:135626)
    at stringify (<anonymous>)
    at eP (C:\Users\LENOVO\Downloads\Portfolio\node_modules\next\dist\compiled\next-server\app-page.runtime.prod.js:12:142090)
    at eE (C:\Users\LENOVO\Downloads\Portfolio\node_modules\next\dist\compiled\next-server\app-page.runtime.prod.js:12:142569)
    at AsyncLocalStorage.run (node:internal/async_local_storage/async_hooks:91:14)
    at Timeout._onTimeout (C:\Users\LENOVO\Downloads\Portfolio\node_modules\next\dist\compiled\next-server\app-page.runtime.prod.js:12:150268)
    at listOnTimeout (node:internal/timers:588:17)
    at process.processTimers (node:internal/timers:523:7) {
  digest: '2677757303'
}
Error: Event handlers cannot be passed to Client Component props.
  {src: ..., alt: "DevNeko", className: ..., onError: function onError}
                                                      ^^^^^^^^^^^^^^^^
If you need interactivity, consider converting part of this to a Client Component.
    at ek (C:\Users\LENOVO\Downloads\Portfolio\node_modules\next\dist\compiled\next-server\app-page.runtime.prod.js:12:140437)
    at Object.toJSON (C:\Users\LENOVO\Downloads\Portfolio\node_modules\next\dist\compiled\next-server\app-page.runtime.prod.js:12:135626)
    at stringify (<anonymous>)
    at eP (C:\Users\LENOVO\Downloads\Portfolio\node_modules\next\dist\compiled\next-server\app-page.runtime.prod.js:12:142090)
    at eE (C:\Users\LENOVO\Downloads\Portfolio\node_modules\next\dist\compiled\next-server\app-page.runtime.prod.js:12:142569)
    at Timeout._onTimeout (C:\Users\LENOVO\Downloads\Portfolio\node_modules\next\dist\compiled\next-server\app-page.runtime.prod.js:12:135346)
    at listOnTimeout (node:internal/timers:588:17)
    at process.processTimers (node:internal/timers:523:7) {
  digest: '755076409'
}
Error: Event handlers cannot be passed to Client Component props.
  {src: ..., alt: ..., className: ..., onError: function onError}
                                                ^^^^^^^^^^^^^^^^
If you need interactivity, consider converting part of this to a Client Component.
    at ek (C:\Users\LENOVO\Downloads\Portfolio\node_modules\next\dist\compiled\next-server\app-page.runtime.prod.js:12:140437)
    at Object.toJSON (C:\Users\LENOVO\Downloads\Portfolio\node_modules\next\dist\compiled\next-server\app-page.runtime.prod.js:12:135626)
    at stringify (<anonymous>)
    at eP (C:\Users\LENOVO\Downloads\Portfolio\node_modules\next\dist\compiled\next-server\app-page.runtime.prod.js:12:142090)
    at eE (C:\Users\LENOVO\Downloads\Portfolio\node_modules\next\dist\compiled\next-server\app-page.runtime.prod.js:12:142569)
    at Timeout._onTimeout (C:\Users\LENOVO\Downloads\Portfolio\node_modules\next\dist\compiled\next-server\app-page.runtime.prod.js:12:135346)
    at listOnTimeout (node:internal/timers:588:17)
    at process.processTimers (node:internal/timers:523:7) {
  digest: '723572537'
}
Error: Event handlers cannot be passed to Client Component props.
  {src: ..., alt: ..., className: ..., onError: function onError}
                                                ^^^^^^^^^^^^^^^^
If you need interactivity, consider converting part of this to a Client Component.
    at ek (C:\Users\LENOVO\Downloads\Portfolio\node_modules\next\dist\compiled\next-server\app-page.runtime.prod.js:12:140437)
    at Object.toJSON (C:\Users\LENOVO\Downloads\Portfolio\node_modules\next\dist\compiled\next-server\app-page.runtime.prod.js:12:135626)
    at stringify (<anonymous>)
    at eP (C:\Users\LENOVO\Downloads\Portfolio\node_modules\next\dist\compiled\next-server\app-page.runtime.prod.js:12:142090)
    at eE (C:\Users\LENOVO\Downloads\Portfolio\node_modules\next\dist\compiled\next-server\app-page.runtime.prod.js:12:142569)
    at AsyncLocalStorage.run (node:internal/async_local_storage/async_hooks:91:14)
    at Timeout._onTimeout (C:\Users\LENOVO\Downloads\Portfolio\node_modules\next\dist\compiled\next-server\app-page.runtime.prod.js:12:150268)
    at listOnTimeout (node:internal/timers:588:17)
    at process.processTimers (node:internal/timers:523:7) {
  digest: '3256436151'
}
Error: Event handlers cannot be passed to Client Component props.
  {src: ..., alt: ..., className: ..., onError: function onError}
                                                ^^^^^^^^^^^^^^^^
If you need interactivity, consider converting part of this to a Client Component.
    at ek (C:\Users\LENOVO\Downloads\Portfolio\node_modules\next\dist\compiled\next-server\app-page.runtime.prod.js:12:140437)
    at Object.toJSON (C:\Users\LENOVO\Downloads\Portfolio\node_modules\next\dist\compiled\next-server\app-page.runtime.prod.js:12:135626)
    at stringify (<anonymous>)
    at eP (C:\Users\LENOVO\Downloads\Portfolio\node_modules\next\dist\compiled\next-server\app-page.runtime.prod.js:12:142090)
    at eE (C:\Users\LENOVO\Downloads\Portfolio\node_modules\next\dist\compiled\next-server\app-page.runtime.prod.js:12:142569)
    at Timeout._onTimeout (C:\Users\LENOVO\Downloads\Portfolio\node_modules\next\dist\compiled\next-server\app-page.runtime.prod.js:12:135346)
    at listOnTimeout (node:internal/timers:588:17)
    at process.processTimers (node:internal/timers:523:7) {
  digest: '723572537'
}
Error: Event handlers cannot be passed to Client Component props.
  {src: ..., alt: ..., className: ..., onError: function onError}
                                                ^^^^^^^^^^^^^^^^
If you need interactivity, consider converting part of this to a Client Component.
    at ek (C:\Users\LENOVO\Downloads\Portfolio\node_modules\next\dist\compiled\next-server\app-page.runtime.prod.js:12:140437)
    at Object.toJSON (C:\Users\LENOVO\Downloads\Portfolio\node_modules\next\dist\compiled\next-server\app-page.runtime.prod.js:12:135626)
    at stringify (<anonymous>)
    at eP (C:\Users\LENOVO\Downloads\Portfolio\node_modules\next\dist\compiled\next-server\app-page.runtime.prod.js:12:142090)
    at eE (C:\Users\LENOVO\Downloads\Portfolio\node_modules\next\dist\compiled\next-server\app-page.runtime.prod.js:12:142569)
    at AsyncLocalStorage.run (node:internal/async_local_storage/async_hooks:91:14)
    at Timeout._onTimeout (C:\Users\LENOVO\Downloads\Portfolio\node_modules\next\dist\compiled\next-server\app-page.runtime.prod.js:12:150268)
    at listOnTimeout (node:internal/timers:588:17)
    at process.processTimers (node:internal/timers:523:7) {
  digest: '3256436151'
}
Error: Event handlers cannot be passed to Client Component props.
  {src: ..., alt: "BEAN", className: ..., onError: function onError}
                                                   ^^^^^^^^^^^^^^^^
If you need interactivity, consider converting part of this to a Client Component.
    at ek (C:\Users\LENOVO\Downloads\Portfolio\node_modules\next\dist\compiled\next-server\app-page.runtime.prod.js:12:140437)
    at Object.toJSON (C:\Users\LENOVO\Downloads\Portfolio\node_modules\next\dist\compiled\next-server\app-page.runtime.prod.js:12:135626)
    at stringify (<anonymous>)
    at eP (C:\Users\LENOVO\Downloads\Portfolio\node_modules\next\dist\compiled\next-server\app-page.runtime.prod.js:12:142090)
    at eE (C:\Users\LENOVO\Downloads\Portfolio\node_modules\next\dist\compiled\next-server\app-page.runtime.prod.js:12:142569)
    at Timeout._onTimeout (C:\Users\LENOVO\Downloads\Portfolio\node_modules\next\dist\compiled\next-server\app-page.runtime.prod.js:12:135346)
    at listOnTimeout (node:internal/timers:588:17)
    at process.processTimers (node:internal/timers:523:7) {
  digest: '1942598265'
}
Error: Event handlers cannot be passed to Client Component props.
  {src: ..., alt: ..., className: ..., onError: function onError}
                                                ^^^^^^^^^^^^^^^^
If you need interactivity, consider converting part of this to a Client Component.
    at ek (C:\Users\LENOVO\Downloads\Portfolio\node_modules\next\dist\compiled\next-server\app-page.runtime.prod.js:12:140437)
    at Object.toJSON (C:\Users\LENOVO\Downloads\Portfolio\node_modules\next\dist\compiled\next-server\app-page.runtime.prod.js:12:135626)
    at stringify (<anonymous>)
    at eP (C:\Users\LENOVO\Downloads\Portfolio\node_modules\next\dist\compiled\next-server\app-page.runtime.prod.js:12:142090)
    at eE (C:\Users\LENOVO\Downloads\Portfolio\node_modules\next\dist\compiled\next-server\app-page.runtime.prod.js:12:142569)
    at Timeout._onTimeout (C:\Users\LENOVO\Downloads\Portfolio\node_modules\next\dist\compiled\next-server\app-page.runtime.prod.js:12:135346)
    at listOnTimeout (node:internal/timers:588:17)
    at process.processTimers (node:internal/timers:523:7) {
  digest: '723572537'
}
Error: Event handlers cannot be passed to Client Component props.
  {src: ..., alt: ..., className: ..., onError: function onError}
                                                ^^^^^^^^^^^^^^^^
If you need interactivity, consider converting part of this to a Client Component.
    at ek (C:\Users\LENOVO\Downloads\Portfolio\node_modules\next\dist\compiled\next-server\app-page.runtime.prod.js:12:140437)
    at Object.toJSON (C:\Users\LENOVO\Downloads\Portfolio\node_modules\next\dist\compiled\next-server\app-page.runtime.prod.js:12:135626)
    at stringify (<anonymous>)
    at eP (C:\Users\LENOVO\Downloads\Portfolio\node_modules\next\dist\compiled\next-server\app-page.runtime.prod.js:12:142090)
    at eE (C:\Users\LENOVO\Downloads\Portfolio\node_modules\next\dist\compiled\next-server\app-page.runtime.prod.js:12:142569)
    at Timeout._onTimeout (C:\Users\LENOVO\Downloads\Portfolio\node_modules\next\dist\compiled\next-server\app-page.runtime.prod.js:12:135346)
    at listOnTimeout (node:internal/timers:588:17)
    at process.processTimers (node:internal/timers:523:7) {
  digest: '723572537'
}
Error: Event handlers cannot be passed to Client Component props.
  {src: ..., alt: ..., className: ..., onError: function onError}
                                                ^^^^^^^^^^^^^^^^
If you need interactivity, consider converting part of this to a Client Component.
    at ek (C:\Users\LENOVO\Downloads\Portfolio\node_modules\next\dist\compiled\next-server\app-page.runtime.prod.js:12:140437)
    at Object.toJSON (C:\Users\LENOVO\Downloads\Portfolio\node_modules\next\dist\compiled\next-server\app-page.runtime.prod.js:12:135626)
    at stringify (<anonymous>)
    at eP (C:\Users\LENOVO\Downloads\Portfolio\node_modules\next\dist\compiled\next-server\app-page.runtime.prod.js:12:142090)
    at eE (C:\Users\LENOVO\Downloads\Portfolio\node_modules\next\dist\compiled\next-server\app-page.runtime.prod.js:12:142569)
    at Timeout._onTimeout (C:\Users\LENOVO\Downloads\Portfolio\node_modules\next\dist\compiled\next-server\app-page.runtime.prod.js:12:135346)
    at listOnTimeout (node:internal/timers:588:17)
    at process.processTimers (node:internal/timers:523:7) {
  digest: '723572537'
}
Error: Event handlers cannot be passed to Client Component props.
  {src: ..., alt: ..., className: ..., onError: function onError}
                                                ^^^^^^^^^^^^^^^^
If you need interactivity, consider converting part of this to a Client Component.
    at ek (C:\Users\LENOVO\Downloads\Portfolio\node_modules\next\dist\compiled\next-server\app-page.runtime.prod.js:12:140437)
    at Object.toJSON (C:\Users\LENOVO\Downloads\Portfolio\node_modules\next\dist\compiled\next-server\app-page.runtime.prod.js:12:135626)
    at stringify (<anonymous>)
    at eP (C:\Users\LENOVO\Downloads\Portfolio\node_modules\next\dist\compiled\next-server\app-page.runtime.prod.js:12:142090)
    at eE (C:\Users\LENOVO\Downloads\Portfolio\node_modules\next\dist\compiled\next-server\app-page.runtime.prod.js:12:142569)
    at Timeout._onTimeout (C:\Users\LENOVO\Downloads\Portfolio\node_modules\next\dist\compiled\next-server\app-page.runtime.prod.js:12:135346)
    at listOnTimeout (node:internal/timers:588:17)
    at process.processTimers (node:internal/timers:523:7) {
  digest: '723572537'
}
Error: Event handlers cannot be passed to Client Component props.
  {src: ..., alt: "BEAN", className: ..., onError: function onError}
                                                   ^^^^^^^^^^^^^^^^
If you need interactivity, consider converting part of this to a Client Component.
    at ek (C:\Users\LENOVO\Downloads\Portfolio\node_modules\next\dist\compiled\next-server\app-page.runtime.prod.js:12:140437)
    at Object.toJSON (C:\Users\LENOVO\Downloads\Portfolio\node_modules\next\dist\compiled\next-server\app-page.runtime.prod.js:12:135626)
    at stringify (<anonymous>)
    at eP (C:\Users\LENOVO\Downloads\Portfolio\node_modules\next\dist\compiled\next-server\app-page.runtime.prod.js:12:142090)
    at eE (C:\Users\LENOVO\Downloads\Portfolio\node_modules\next\dist\compiled\next-server\app-page.runtime.prod.js:12:142569)
    at Timeout._onTimeout (C:\Users\LENOVO\Downloads\Portfolio\node_modules\next\dist\compiled\next-server\app-page.runtime.prod.js:12:135346)
    at listOnTimeout (node:internal/timers:588:17)
    at process.processTimers (node:internal/timers:523:7) {
  digest: '1942598265'
}
Error: Event handlers cannot be passed to Client Component props.
  {src: ..., alt: ..., className: ..., onError: function onError}
                                                ^^^^^^^^^^^^^^^^
If you need interactivity, consider converting part of this to a Client Component.
    at ek (C:\Users\LENOVO\Downloads\Portfolio\node_modules\next\dist\compiled\next-server\app-page.runtime.prod.js:12:140437)
    at Object.toJSON (C:\Users\LENOVO\Downloads\Portfolio\node_modules\next\dist\compiled\next-server\app-page.runtime.prod.js:12:135626)
    at stringify (<anonymous>)
    at eP (C:\Users\LENOVO\Downloads\Portfolio\node_modules\next\dist\compiled\next-server\app-page.runtime.prod.js:12:142090)
    at eE (C:\Users\LENOVO\Downloads\Portfolio\node_modules\next\dist\compiled\next-server\app-page.runtime.prod.js:12:142569)
    at Timeout._onTimeout (C:\Users\LENOVO\Downloads\Portfolio\node_modules\next\dist\compiled\next-server\app-page.runtime.prod.js:12:135346)
    at listOnTimeout (node:internal/timers:588:17)
    at process.processTimers (node:internal/timers:523:7) {
  digest: '723572537'
}
 ⚠ Sending SIGTERM signal to static worker due to timeout of 60 seconds. Subsequent errors may be a result of the worker exiting.
 ⚠ Restarted static page generation for /works/bean because it took more than 60 seconds
 ⚠ Restarted static page generation for /works/ev-from-scratch because it took more than 60 seconds
 ⚠ Restarted static page generation for /works/cloud-native-cicd because it took more than 60 seconds
 ⚠ Restarted static page generation for /works/4rent-lk because it took more than 60 seconds
 ⚠ Restarted static page generation for /works/motion-relief because it took more than 60 seconds
 ⚠ Restarted static page generation for /works/sqrl-budget because it took more than 60 seconds
 ⚠ Restarted static page generation for /works/pixel-scholar because it took more than 60 seconds
 ⚠ Restarted static page generation for /works/devneko because it took more than 60 seconds
Error: Event handlers cannot be passed to Client Component props.
  {src: ..., alt: "DevNeko", className: ..., onError: function onError}
                                                      ^^^^^^^^^^^^^^^^
If you need interactivity, consider converting part of this to a Client Component.
    at ek (C:\Users\LENOVO\Downloads\Portfolio\node_modules\next\dist\compiled\next-server\app-page.runtime.prod.js:12:140437)
    at Object.toJSON (C:\Users\LENOVO\Downloads\Portfolio\node_modules\next\dist\compiled\next-server\app-page.runtime.prod.js:12:135626)
    at stringify (<anonymous>)
    at eP (C:\Users\LENOVO\Downloads\Portfolio\node_modules\next\dist\compiled\next-server\app-page.runtime.prod.js:12:142090)
    at eE (C:\Users\LENOVO\Downloads\Portfolio\node_modules\next\dist\compiled\next-server\app-page.runtime.prod.js:12:142569)
    at AsyncLocalStorage.run (node:internal/async_local_storage/async_hooks:91:14)
    at Timeout._onTimeout (C:\Users\LENOVO\Downloads\Portfolio\node_modules\next\dist\compiled\next-server\app-page.runtime.prod.js:12:150268)
    at listOnTimeout (node:internal/timers:588:17)
    at process.processTimers (node:internal/timers:523:7) {
  digest: '2052484023'
}
Error: Event handlers cannot be passed to Client Component props.
  {src: ..., alt: ..., className: ..., onError: function onError}
                                                ^^^^^^^^^^^^^^^^
If you need interactivity, consider converting part of this to a Client Component.
    at ek (C:\Users\LENOVO\Downloads\Portfolio\node_modules\next\dist\compiled\next-server\app-page.runtime.prod.js:12:140437)
    at Object.toJSON (C:\Users\LENOVO\Downloads\Portfolio\node_modules\next\dist\compiled\next-server\app-page.runtime.prod.js:12:135626)
    at stringify (<anonymous>)
    at eP (C:\Users\LENOVO\Downloads\Portfolio\node_modules\next\dist\compiled\next-server\app-page.runtime.prod.js:12:142090)
    at eE (C:\Users\LENOVO\Downloads\Portfolio\node_modules\next\dist\compiled\next-server\app-page.runtime.prod.js:12:142569)
    at AsyncLocalStorage.run (node:internal/async_local_storage/async_hooks:91:14)
    at Timeout._onTimeout (C:\Users\LENOVO\Downloads\Portfolio\node_modules\next\dist\compiled\next-server\app-page.runtime.prod.js:12:150268)
    at listOnTimeout (node:internal/timers:588:17)
    at process.processTimers (node:internal/timers:523:7) {
  digest: '3256436151'
}
Error: Event handlers cannot be passed to Client Component props.
  {src: ..., alt: "DevNeko", className: ..., onError: function onError}
                                                      ^^^^^^^^^^^^^^^^
If you need interactivity, consider converting part of this to a Client Component.
    at ek (C:\Users\LENOVO\Downloads\Portfolio\node_modules\next\dist\compiled\next-server\app-page.runtime.prod.js:12:140437)
    at Object.toJSON (C:\Users\LENOVO\Downloads\Portfolio\node_modules\next\dist\compiled\next-server\app-page.runtime.prod.js:12:135626)
    at stringify (<anonymous>)
    at eP (C:\Users\LENOVO\Downloads\Portfolio\node_modules\next\dist\compiled\next-server\app-page.runtime.prod.js:12:142090)
    at eE (C:\Users\LENOVO\Downloads\Portfolio\node_modules\next\dist\compiled\next-server\app-page.runtime.prod.js:12:142569)
    at Timeout._onTimeout (C:\Users\LENOVO\Downloads\Portfolio\node_modules\next\dist\compiled\next-server\app-page.runtime.prod.js:12:135346)
    at listOnTimeout (node:internal/timers:588:17)
    at process.processTimers (node:internal/timers:523:7) {
  digest: '755076409'
}
Error: Event handlers cannot be passed to Client Component props.
  {src: ..., alt: ..., className: ..., onError: function onError}
                                                ^^^^^^^^^^^^^^^^
If you need interactivity, consider converting part of this to a Client Component.
    at ek (C:\Users\LENOVO\Downloads\Portfolio\node_modules\next\dist\compiled\next-server\app-page.runtime.prod.js:12:140437)
    at Object.toJSON (C:\Users\LENOVO\Downloads\Portfolio\node_modules\next\dist\compiled\next-server\app-page.runtime.prod.js:12:135626)
    at stringify (<anonymous>)
    at eP (C:\Users\LENOVO\Downloads\Portfolio\node_modules\next\dist\compiled\next-server\app-page.runtime.prod.js:12:142090)
    at eE (C:\Users\LENOVO\Downloads\Portfolio\node_modules\next\dist\compiled\next-server\app-page.runtime.prod.js:12:142569)
    at Timeout._onTimeout (C:\Users\LENOVO\Downloads\Portfolio\node_modules\next\dist\compiled\next-server\app-page.runtime.prod.js:12:135346)
    at listOnTimeout (node:internal/timers:588:17)
    at process.processTimers (node:internal/timers:523:7) {
  digest: '723572537'
}
Error: Event handlers cannot be passed to Client Component props.
  {src: ..., alt: ..., className: ..., onError: function onError}
                                                ^^^^^^^^^^^^^^^^
If you need interactivity, consider converting part of this to a Client Component.
    at ek (C:\Users\LENOVO\Downloads\Portfolio\node_modules\next\dist\compiled\next-server\app-page.runtime.prod.js:12:140437)
    at Object.toJSON (C:\Users\LENOVO\Downloads\Portfolio\node_modules\next\dist\compiled\next-server\app-page.runtime.prod.js:12:135626)
    at stringify (<anonymous>)
    at eP (C:\Users\LENOVO\Downloads\Portfolio\node_modules\next\dist\compiled\next-server\app-page.runtime.prod.js:12:142090)
    at eE (C:\Users\LENOVO\Downloads\Portfolio\node_modules\next\dist\compiled\next-server\app-page.runtime.prod.js:12:142569)
    at AsyncLocalStorage.run (node:internal/async_local_storage/async_hooks:91:14)
    at Timeout._onTimeout (C:\Users\LENOVO\Downloads\Portfolio\node_modules\next\dist\compiled\next-server\app-page.runtime.prod.js:12:150268)
    at listOnTimeout (node:internal/timers:588:17)
    at process.processTimers (node:internal/timers:523:7) {
  digest: '3256436151'
}
Error: Event handlers cannot be passed to Client Component props.
  {src: ..., alt: ..., className: ..., onError: function onError}
                                                ^^^^^^^^^^^^^^^^
If you need interactivity, consider converting part of this to a Client Component.
    at ek (C:\Users\LENOVO\Downloads\Portfolio\node_modules\next\dist\compiled\next-server\app-page.runtime.prod.js:12:140437)
    at Object.toJSON (C:\Users\LENOVO\Downloads\Portfolio\node_modules\next\dist\compiled\next-server\app-page.runtime.prod.js:12:135626)
    at stringify (<anonymous>)
    at eP (C:\Users\LENOVO\Downloads\Portfolio\node_modules\next\dist\compiled\next-server\app-page.runtime.prod.js:12:142090)
    at eE (C:\Users\LENOVO\Downloads\Portfolio\node_modules\next\dist\compiled\next-server\app-page.runtime.prod.js:12:142569)
    at Timeout._onTimeout (C:\Users\LENOVO\Downloads\Portfolio\node_modules\next\dist\compiled\next-server\app-page.runtime.prod.js:12:135346)
    at listOnTimeout (node:internal/timers:588:17)
    at process.processTimers (node:internal/timers:523:7) {
  digest: '723572537'
}
Error: Event handlers cannot be passed to Client Component props.
  {src: ..., alt: ..., className: ..., onError: function onError}
                                                ^^^^^^^^^^^^^^^^
If you need interactivity, consider converting part of this to a Client Component.
    at ek (C:\Users\LENOVO\Downloads\Portfolio\node_modules\next\dist\compiled\next-server\app-page.runtime.prod.js:12:140437)
    at Object.toJSON (C:\Users\LENOVO\Downloads\Portfolio\node_modules\next\dist\compiled\next-server\app-page.runtime.prod.js:12:135626)
    at stringify (<anonymous>)
    at eP (C:\Users\LENOVO\Downloads\Portfolio\node_modules\next\dist\compiled\next-server\app-page.runtime.prod.js:12:142090)
    at eE (C:\Users\LENOVO\Downloads\Portfolio\node_modules\next\dist\compiled\next-server\app-page.runtime.prod.js:12:142569)
    at AsyncLocalStorage.run (node:internal/async_local_storage/async_hooks:91:14)
    at Timeout._onTimeout (C:\Users\LENOVO\Downloads\Portfolio\node_modules\next\dist\compiled\next-server\app-page.runtime.prod.js:12:150268)
    at listOnTimeout (node:internal/timers:588:17)
    at process.processTimers (node:internal/timers:523:7) {
  digest: '3256436151'
}
Error: Event handlers cannot be passed to Client Component props.
  {src: ..., alt: ..., className: ..., onError: function onError}
                                                ^^^^^^^^^^^^^^^^
If you need interactivity, consider converting part of this to a Client Component.
    at ek (C:\Users\LENOVO\Downloads\Portfolio\node_modules\next\dist\compiled\next-server\app-page.runtime.prod.js:12:140437)
    at Object.toJSON (C:\Users\LENOVO\Downloads\Portfolio\node_modules\next\dist\compiled\next-server\app-page.runtime.prod.js:12:135626)
    at stringify (<anonymous>)
    at eP (C:\Users\LENOVO\Downloads\Portfolio\node_modules\next\dist\compiled\next-server\app-page.runtime.prod.js:12:142090)
    at eE (C:\Users\LENOVO\Downloads\Portfolio\node_modules\next\dist\compiled\next-server\app-page.runtime.prod.js:12:142569)
    at AsyncLocalStorage.run (node:internal/async_local_storage/async_hooks:91:14)
    at Timeout._onTimeout (C:\Users\LENOVO\Downloads\Portfolio\node_modules\next\dist\compiled\next-server\app-page.runtime.prod.js:12:150268)
    at listOnTimeout (node:internal/timers:588:17)
    at process.processTimers (node:internal/timers:523:7) {
  digest: '3256436151'
}
Error: Event handlers cannot be passed to Client Component props.
  {src: ..., alt: ..., className: ..., onError: function onError}
                                                ^^^^^^^^^^^^^^^^
If you need interactivity, consider converting part of this to a Client Component.
    at ek (C:\Users\LENOVO\Downloads\Portfolio\node_modules\next\dist\compiled\next-server\app-page.runtime.prod.js:12:140437)
    at Object.toJSON (C:\Users\LENOVO\Downloads\Portfolio\node_modules\next\dist\compiled\next-server\app-page.runtime.prod.js:12:135626)
    at stringify (<anonymous>)
    at eP (C:\Users\LENOVO\Downloads\Portfolio\node_modules\next\dist\compiled\next-server\app-page.runtime.prod.js:12:142090)
    at eE (C:\Users\LENOVO\Downloads\Portfolio\node_modules\next\dist\compiled\next-server\app-page.runtime.prod.js:12:142569)
    at Timeout._onTimeout (C:\Users\LENOVO\Downloads\Portfolio\node_modules\next\dist\compiled\next-server\app-page.runtime.prod.js:12:135346)
    at listOnTimeout (node:internal/timers:588:17)
    at process.processTimers (node:internal/timers:523:7) {
  digest: '723572537'
}
Error: Event handlers cannot be passed to Client Component props.
  {src: ..., alt: "BEAN", className: ..., onError: function onError}
                                                   ^^^^^^^^^^^^^^^^
If you need interactivity, consider converting part of this to a Client Component.
    at ek (C:\Users\LENOVO\Downloads\Portfolio\node_modules\next\dist\compiled\next-server\app-page.runtime.prod.js:12:140437)
    at Object.toJSON (C:\Users\LENOVO\Downloads\Portfolio\node_modules\next\dist\compiled\next-server\app-page.runtime.prod.js:12:135626)
    at stringify (<anonymous>)
    at eP (C:\Users\LENOVO\Downloads\Portfolio\node_modules\next\dist\compiled\next-server\app-page.runtime.prod.js:12:142090)
    at eE (C:\Users\LENOVO\Downloads\Portfolio\node_modules\next\dist\compiled\next-server\app-page.runtime.prod.js:12:142569)
    at AsyncLocalStorage.run (node:internal/async_local_storage/async_hooks:91:14)
    at Timeout._onTimeout (C:\Users\LENOVO\Downloads\Portfolio\node_modules\next\dist\compiled\next-server\app-page.runtime.prod.js:12:150268)
    at listOnTimeout (node:internal/timers:588:17)
    at process.processTimers (node:internal/timers:523:7) {
  digest: '2677757303'
}
Error: Event handlers cannot be passed to Client Component props.
  {src: ..., alt: ..., className: ..., onError: function onError}
                                                ^^^^^^^^^^^^^^^^
If you need interactivity, consider converting part of this to a Client Component.
    at ek (C:\Users\LENOVO\Downloads\Portfolio\node_modules\next\dist\compiled\next-server\app-page.runtime.prod.js:12:140437)
    at Object.toJSON (C:\Users\LENOVO\Downloads\Portfolio\node_modules\next\dist\compiled\next-server\app-page.runtime.prod.js:12:135626)
    at stringify (<anonymous>)
    at eP (C:\Users\LENOVO\Downloads\Portfolio\node_modules\next\dist\compiled\next-server\app-page.runtime.prod.js:12:142090)
    at eE (C:\Users\LENOVO\Downloads\Portfolio\node_modules\next\dist\compiled\next-server\app-page.runtime.prod.js:12:142569)
    at Timeout._onTimeout (C:\Users\LENOVO\Downloads\Portfolio\node_modules\next\dist\compiled\next-server\app-page.runtime.prod.js:12:135346)
    at listOnTimeout (node:internal/timers:588:17)
    at process.processTimers (node:internal/timers:523:7) {
  digest: '723572537'
}
Error: Event handlers cannot be passed to Client Component props.
  {src: ..., alt: "BEAN", className: ..., onError: function onError}
                                                   ^^^^^^^^^^^^^^^^
If you need interactivity, consider converting part of this to a Client Component.
    at ek (C:\Users\LENOVO\Downloads\Portfolio\node_modules\next\dist\compiled\next-server\app-page.runtime.prod.js:12:140437)
    at Object.toJSON (C:\Users\LENOVO\Downloads\Portfolio\node_modules\next\dist\compiled\next-server\app-page.runtime.prod.js:12:135626)
    at stringify (<anonymous>)
    at eP (C:\Users\LENOVO\Downloads\Portfolio\node_modules\next\dist\compiled\next-server\app-page.runtime.prod.js:12:142090)
    at eE (C:\Users\LENOVO\Downloads\Portfolio\node_modules\next\dist\compiled\next-server\app-page.runtime.prod.js:12:142569)
    at Timeout._onTimeout (C:\Users\LENOVO\Downloads\Portfolio\node_modules\next\dist\compiled\next-server\app-page.runtime.prod.js:12:135346)
    at listOnTimeout (node:internal/timers:588:17)
    at process.processTimers (node:internal/timers:523:7) {
  digest: '1942598265'
}
Error: Event handlers cannot be passed to Client Component props.
  {src: ..., alt: ..., className: ..., onError: function onError}
                                                ^^^^^^^^^^^^^^^^
If you need interactivity, consider converting part of this to a Client Component.
    at ek (C:\Users\LENOVO\Downloads\Portfolio\node_modules\next\dist\compiled\next-server\app-page.runtime.prod.js:12:140437)
    at Object.toJSON (C:\Users\LENOVO\Downloads\Portfolio\node_modules\next\dist\compiled\next-server\app-page.runtime.prod.js:12:135626)
    at stringify (<anonymous>)
    at eP (C:\Users\LENOVO\Downloads\Portfolio\node_modules\next\dist\compiled\next-server\app-page.runtime.prod.js:12:142090)
    at eE (C:\Users\LENOVO\Downloads\Portfolio\node_modules\next\dist\compiled\next-server\app-page.runtime.prod.js:12:142569)
    at AsyncLocalStorage.run (node:internal/async_local_storage/async_hooks:91:14)
    at Timeout._onTimeout (C:\Users\LENOVO\Downloads\Portfolio\node_modules\next\dist\compiled\next-server\app-page.runtime.prod.js:12:150268)
    at listOnTimeout (node:internal/timers:588:17)
    at process.processTimers (node:internal/timers:523:7) {
  digest: '3256436151'
}
Error: Event handlers cannot be passed to Client Component props.
  {src: ..., alt: ..., className: ..., onError: function onError}
                                                ^^^^^^^^^^^^^^^^
If you need interactivity, consider converting part of this to a Client Component.
    at ek (C:\Users\LENOVO\Downloads\Portfolio\node_modules\next\dist\compiled\next-server\app-page.runtime.prod.js:12:140437)
    at Object.toJSON (C:\Users\LENOVO\Downloads\Portfolio\node_modules\next\dist\compiled\next-server\app-page.runtime.prod.js:12:135626)
    at stringify (<anonymous>)
    at eP (C:\Users\LENOVO\Downloads\Portfolio\node_modules\next\dist\compiled\next-server\app-page.runtime.prod.js:12:142090)
    at eE (C:\Users\LENOVO\Downloads\Portfolio\node_modules\next\dist\compiled\next-server\app-page.runtime.prod.js:12:142569)
    at Timeout._onTimeout (C:\Users\LENOVO\Downloads\Portfolio\node_modules\next\dist\compiled\next-server\app-page.runtime.prod.js:12:135346)
    at listOnTimeout (node:internal/timers:588:17)
    at process.processTimers (node:internal/timers:523:7) {
  digest: '723572537'
}
Error: Event handlers cannot be passed to Client Component props.
  {src: ..., alt: ..., className: ..., onError: function onError}
                                                ^^^^^^^^^^^^^^^^
If you need interactivity, consider converting part of this to a Client Component.
    at ek (C:\Users\LENOVO\Downloads\Portfolio\node_modules\next\dist\compiled\next-server\app-page.runtime.prod.js:12:140437)
    at Object.toJSON (C:\Users\LENOVO\Downloads\Portfolio\node_modules\next\dist\compiled\next-server\app-page.runtime.prod.js:12:135626)
    at stringify (<anonymous>)
    at eP (C:\Users\LENOVO\Downloads\Portfolio\node_modules\next\dist\compiled\next-server\app-page.runtime.prod.js:12:142090)
    at eE (C:\Users\LENOVO\Downloads\Portfolio\node_modules\next\dist\compiled\next-server\app-page.runtime.prod.js:12:142569)
    at Timeout._onTimeout (C:\Users\LENOVO\Downloads\Portfolio\node_modules\next\dist\compiled\next-server\app-page.runtime.prod.js:12:135346)
    at listOnTimeout (node:internal/timers:588:17)
    at process.processTimers (node:internal/timers:523:7) {
  digest: '723572537'
}
Error: Event handlers cannot be passed to Client Component props.
  {src: ..., alt: ..., className: ..., onError: function onError}
                                                ^^^^^^^^^^^^^^^^
If you need interactivity, consider converting part of this to a Client Component.
    at ek (C:\Users\LENOVO\Downloads\Portfolio\node_modules\next\dist\compiled\next-server\app-page.runtime.prod.js:12:140437)
    at Object.toJSON (C:\Users\LENOVO\Downloads\Portfolio\node_modules\next\dist\compiled\next-server\app-page.runtime.prod.js:12:135626)
    at stringify (<anonymous>)
    at eP (C:\Users\LENOVO\Downloads\Portfolio\node_modules\next\dist\compiled\next-server\app-page.runtime.prod.js:12:142090)
    at eE (C:\Users\LENOVO\Downloads\Portfolio\node_modules\next\dist\compiled\next-server\app-page.runtime.prod.js:12:142569)
    at Timeout._onTimeout (C:\Users\LENOVO\Downloads\Portfolio\node_modules\next\dist\compiled\next-server\app-page.runtime.prod.js:12:135346)
    at listOnTimeout (node:internal/timers:588:17)
    at process.processTimers (node:internal/timers:523:7) {
  digest: '723572537'
}
Error: Event handlers cannot be passed to Client Component props.
  {src: ..., alt: "BEAN", className: ..., onError: function onError}
                                                   ^^^^^^^^^^^^^^^^
If you need interactivity, consider converting part of this to a Client Component.
    at ek (C:\Users\LENOVO\Downloads\Portfolio\node_modules\next\dist\compiled\next-server\app-page.runtime.prod.js:12:140437)
    at Object.toJSON (C:\Users\LENOVO\Downloads\Portfolio\node_modules\next\dist\compiled\next-server\app-page.runtime.prod.js:12:135626)
    at stringify (<anonymous>)
    at eP (C:\Users\LENOVO\Downloads\Portfolio\node_modules\next\dist\compiled\next-server\app-page.runtime.prod.js:12:142090)
    at eE (C:\Users\LENOVO\Downloads\Portfolio\node_modules\next\dist\compiled\next-server\app-page.runtime.prod.js:12:142569)
    at Timeout._onTimeout (C:\Users\LENOVO\Downloads\Portfolio\node_modules\next\dist\compiled\next-server\app-page.runtime.prod.js:12:135346)
    at listOnTimeout (node:internal/timers:588:17)
    at process.processTimers (node:internal/timers:523:7) {
  digest: '1942598265'
}
Error: Event handlers cannot be passed to Client Component props.
  {src: ..., alt: ..., className: ..., onError: function onError}
                                                ^^^^^^^^^^^^^^^^
If you need interactivity, consider converting part of this to a Client Component.
    at ek (C:\Users\LENOVO\Downloads\Portfolio\node_modules\next\dist\compiled\next-server\app-page.runtime.prod.js:12:140437)
    at Object.toJSON (C:\Users\LENOVO\Downloads\Portfolio\node_modules\next\dist\compiled\next-server\app-page.runtime.prod.js:12:135626)
    at stringify (<anonymous>)
    at eP (C:\Users\LENOVO\Downloads\Portfolio\node_modules\next\dist\compiled\next-server\app-page.runtime.prod.js:12:142090)
    at eE (C:\Users\LENOVO\Downloads\Portfolio\node_modules\next\dist\compiled\next-server\app-page.runtime.prod.js:12:142569)
    at Timeout._onTimeout (C:\Users\LENOVO\Downloads\Portfolio\node_modules\next\dist\compiled\next-server\app-page.runtime.prod.js:12:135346)
    at listOnTimeout (node:internal/timers:588:17)
    at process.processTimers (node:internal/timers:523:7) {
  digest: '723572537'
}
Error: Event handlers cannot be passed to Client Component props.
  {src: ..., alt: "DevNeko", className: ..., onError: function onError}
                                                      ^^^^^^^^^^^^^^^^
If you need interactivity, consider converting part of this to a Client Component.
    at ek (C:\Users\LENOVO\Downloads\Portfolio\node_modules\next\dist\compiled\next-server\app-page.runtime.prod.js:12:140437)
    at Object.toJSON (C:\Users\LENOVO\Downloads\Portfolio\node_modules\next\dist\compiled\next-server\app-page.runtime.prod.js:12:135626)
    at stringify (<anonymous>)
    at eP (C:\Users\LENOVO\Downloads\Portfolio\node_modules\next\dist\compiled\next-server\app-page.runtime.prod.js:12:142090)
    at eE (C:\Users\LENOVO\Downloads\Portfolio\node_modules\next\dist\compiled\next-server\app-page.runtime.prod.js:12:142569)
    at Timeout._onTimeout (C:\Users\LENOVO\Downloads\Portfolio\node_modules\next\dist\compiled\next-server\app-page.runtime.prod.js:12:135346)
    at listOnTimeout (node:internal/timers:588:17)
    at process.processTimers (node:internal/timers:523:7) {
  digest: '755076409'
}
Error: Event handlers cannot be passed to Client Component props.
  {src: ..., alt: ..., className: ..., onError: function onError}
                                                ^^^^^^^^^^^^^^^^
If you need interactivity, consider converting part of this to a Client Component.
    at ek (C:\Users\LENOVO\Downloads\Portfolio\node_modules\next\dist\compiled\next-server\app-page.runtime.prod.js:12:140437)
    at Object.toJSON (C:\Users\LENOVO\Downloads\Portfolio\node_modules\next\dist\compiled\next-server\app-page.runtime.prod.js:12:135626)
    at stringify (<anonymous>)
    at eP (C:\Users\LENOVO\Downloads\Portfolio\node_modules\next\dist\compiled\next-server\app-page.runtime.prod.js:12:142090)
    at eE (C:\Users\LENOVO\Downloads\Portfolio\node_modules\next\dist\compiled\next-server\app-page.runtime.prod.js:12:142569)
    at Timeout._onTimeout (C:\Users\LENOVO\Downloads\Portfolio\node_modules\next\dist\compiled\next-server\app-page.runtime.prod.js:12:135346)
    at listOnTimeout (node:internal/timers:588:17)
    at process.processTimers (node:internal/timers:523:7) {
  digest: '723572537'
}
Error: Event handlers cannot be passed to Client Component props.
  {src: ..., alt: ..., className: ..., onError: function onError}
                                                ^^^^^^^^^^^^^^^^
If you need interactivity, consider converting part of this to a Client Component.
    at ek (C:\Users\LENOVO\Downloads\Portfolio\node_modules\next\dist\compiled\next-server\app-page.runtime.prod.js:12:140437)
    at Object.toJSON (C:\Users\LENOVO\Downloads\Portfolio\node_modules\next\dist\compiled\next-server\app-page.runtime.prod.js:12:135626)
    at stringify (<anonymous>)
    at eP (C:\Users\LENOVO\Downloads\Portfolio\node_modules\next\dist\compiled\next-server\app-page.runtime.prod.js:12:142090)
    at eE (C:\Users\LENOVO\Downloads\Portfolio\node_modules\next\dist\compiled\next-server\app-page.runtime.prod.js:12:142569)
    at Timeout._onTimeout (C:\Users\LENOVO\Downloads\Portfolio\node_modules\next\dist\compiled\next-server\app-page.runtime.prod.js:12:135346)
    at listOnTimeout (node:internal/timers:588:17)
    at process.processTimers (node:internal/timers:523:7) {
  digest: '723572537'
}
Error: Event handlers cannot be passed to Client Component props.
  {src: ..., alt: ..., className: ..., onError: function onError}
                                                ^^^^^^^^^^^^^^^^
If you need interactivity, consider converting part of this to a Client Component.
    at ek (C:\Users\LENOVO\Downloads\Portfolio\node_modules\next\dist\compiled\next-server\app-page.runtime.prod.js:12:140437)
    at Object.toJSON (C:\Users\LENOVO\Downloads\Portfolio\node_modules\next\dist\compiled\next-server\app-page.runtime.prod.js:12:135626)
    at stringify (<anonymous>)
    at eP (C:\Users\LENOVO\Downloads\Portfolio\node_modules\next\dist\compiled\next-server\app-page.runtime.prod.js:12:142090)
    at eE (C:\Users\LENOVO\Downloads\Portfolio\node_modules\next\dist\compiled\next-server\app-page.runtime.prod.js:12:142569)
    at AsyncLocalStorage.run (node:internal/async_local_storage/async_hooks:91:14)
    at Timeout._onTimeout (C:\Users\LENOVO\Downloads\Portfolio\node_modules\next\dist\compiled\next-server\app-page.runtime.prod.js:12:150268)
    at listOnTimeout (node:internal/timers:588:17)
    at process.processTimers (node:internal/timers:523:7) {
  digest: '3256436151'
}
Error: Event handlers cannot be passed to Client Component props.
  {src: ..., alt: ..., className: ..., onError: function onError}
                                                ^^^^^^^^^^^^^^^^
If you need interactivity, consider converting part of this to a Client Component.
    at ek (C:\Users\LENOVO\Downloads\Portfolio\node_modules\next\dist\compiled\next-server\app-page.runtime.prod.js:12:140437)
    at Object.toJSON (C:\Users\LENOVO\Downloads\Portfolio\node_modules\next\dist\compiled\next-server\app-page.runtime.prod.js:12:135626)
    at stringify (<anonymous>)
    at eP (C:\Users\LENOVO\Downloads\Portfolio\node_modules\next\dist\compiled\next-server\app-page.runtime.prod.js:12:142090)
    at eE (C:\Users\LENOVO\Downloads\Portfolio\node_modules\next\dist\compiled\next-server\app-page.runtime.prod.js:12:142569)
    at Timeout._onTimeout (C:\Users\LENOVO\Downloads\Portfolio\node_modules\next\dist\compiled\next-server\app-page.runtime.prod.js:12:135346)
    at listOnTimeout (node:internal/timers:588:17)
    at process.processTimers (node:internal/timers:523:7) {
  digest: '723572537'
}
Error: Event handlers cannot be passed to Client Component props.
  {src: ..., alt: ..., className: ..., onError: function onError}
                                                ^^^^^^^^^^^^^^^^
If you need interactivity, consider converting part of this to a Client Component.
    at ek (C:\Users\LENOVO\Downloads\Portfolio\node_modules\next\dist\compiled\next-server\app-page.runtime.prod.js:12:140437)
    at Object.toJSON (C:\Users\LENOVO\Downloads\Portfolio\node_modules\next\dist\compiled\next-server\app-page.runtime.prod.js:12:135626)
    at stringify (<anonymous>)
    at eP (C:\Users\LENOVO\Downloads\Portfolio\node_modules\next\dist\compiled\next-server\app-page.runtime.prod.js:12:142090)
    at eE (C:\Users\LENOVO\Downloads\Portfolio\node_modules\next\dist\compiled\next-server\app-page.runtime.prod.js:12:142569)
    at Timeout._onTimeout (C:\Users\LENOVO\Downloads\Portfolio\node_modules\next\dist\compiled\next-server\app-page.runtime.prod.js:12:135346)
    at listOnTimeout (node:internal/timers:588:17)
    at process.processTimers (node:internal/timers:523:7) {
  digest: '723572537'
}
 ⚠ Sending SIGTERM signal to static worker due to timeout of 60 seconds. Subsequent errors may be a result of the worker exiting.

> Build error occurred
Error: Static page generation for /works/bean is still timing out after 3 attempts. See more info here https://nextjs.org/docs/messages/static-page-generation-timeout
    at onRestart (C:\Users\LENOVO\Downloads\Portfolio\node_modules\next\dist\build\index.js:291:27)
    at C:\Users\LENOVO\Downloads\Portfolio\node_modules\next\dist\lib\worker.js:95:40
    at process.processTicksAndRejections (node:internal/process/task_queues:105:5)
    at async C:\Users\LENOVO\Downloads\Portfolio\node_modules\next\dist\export\index.js:450:20
    at async Span.traceAsyncFn (C:\Users\LENOVO\Downloads\Portfolio\node_modules\next\dist\trace\trace.js:154:20)
    at async C:\Users\LENOVO\Downloads\Portfolio\node_modules\next\dist\export\index.js:448:24
    at async Promise.all (index 6)
    at async exportAppImpl (C:\Users\LENOVO\Downloads\Portfolio\node_modules\next\dist\export\index.js:440:21)
    at async C:\Users\LENOVO\Downloads\Portfolio\node_modules\next\dist\export\index.js:623:16
    at async Span.traceAsyncFn (C:\Users\LENOVO\Downloads\Portfolio\node_modules\next\dist\trace\trace.js:154:20)
