.next/types/app/layout.ts(2,24): error TS2307: Cannot find module '../../../app/layout.js' or its corresponding type declarations.
.next/types/app/layout.ts(5,29): error TS2307: Cannot find module '../../../app/layout.js' or its corresponding type declarations.
.next/types/app/page.ts(2,24): error TS2307: Cannot find module '../../../app/page.js' or its corresponding type declarations.
.next/types/app/page.ts(5,29): error TS2307: Cannot find module '../../../app/page.js' or its corresponding type declarations.
